xxx
kkk